2024/02/01 09:51:22 Server dimulai di port 8080
2024/02/01 09:59:32 Server dimulai di port 8080
2024/02/01 09:59:50 Server dimulai di port 8080
2024/02/01 09:59:52 Server dimulai di port 8080
2024/02/01 10:00:20 Bad requestUsername telah digunakan oleh user yang telah mendaftar sebelumnya
2024/02/01 10:02:17 Server dimulai di port 8080
2024/02/01 10:02:40 User daffa12333 registered successfully!
2024/02/01 10:02:44 Bad requestUsername telah digunakan oleh user yang telah mendaftar sebelumnya
2024/02/01 10:03:17 Server dimulai di port 8080
2024/02/01 10:03:32 Server dimulai di port 8080
2024/02/01 10:03:45 Server dimulai di port 8080
2024/02/01 10:03:59 Server dimulai di port 8080
2024/02/01 10:04:22 Server dimulai di port 8080
2024/02/01 10:04:36 Bad request Username telah digunakan oleh user yang telah mendaftar sebelumnya
2024/02/01 10:04:46 Bad request Username telah digunakan oleh user yang telah mendaftar sebelumnya
2024/02/01 10:05:29 Server dimulai di port 8080
2024/02/01 10:05:37 Server dimulai di port 8080
2024/02/01 10:05:44 Server dimulai di port 8080
2024/02/01 10:05:48 Server dimulai di port 8080
2024/02/01 10:05:56 Server dimulai di port 8080
2024/02/01 10:06:05 Server dimulai di port 8080
2024/02/01 10:06:14 Server dimulai di port 8080
2024/02/01 10:06:21 Server dimulai di port 8080
2024/02/01 10:06:32 Server dimulai di port 8080
2024/02/01 10:06:37 Server dimulai di port 8080
2024/02/01 10:06:48 Server dimulai di port 8080
2024/02/01 10:07:36 Server dimulai di port 8080
2024/02/01 10:07:46 Kata sandi tidak sesuai crypto/bcrypt: hashedPassword is not the hash of the given password
2024/02/01 10:09:18 Server dimulai di port 8080
2024/02/01 10:09:23 Server dimulai di port 8080
2024/02/01 10:09:37 Server dimulai di port 8080
2024/02/01 10:09:44 Server dimulai di port 8080
2024/02/01 10:09:45 Server dimulai di port 8080
2024/02/01 10:09:59 Server dimulai di port 8080
2024/02/01 10:10:00 Server dimulai di port 8080
2024/02/01 10:10:28 Server dimulai di port 8080
2024/02/01 10:10:33 Server dimulai di port 8080
2024/02/01 10:10:41 Server dimulai di port 8080
2024/02/01 10:11:16 Server dimulai di port 8080
2024/02/01 10:11:27 Server dimulai di port 8080
2024/02/01 10:11:31 Server dimulai di port 8080
2024/02/01 10:11:42 Server dimulai di port 8080
2024/02/01 10:11:49 Server dimulai di port 8080
2024/02/01 10:12:01 Server dimulai di port 8080
2024/02/01 10:12:10 Server dimulai di port 8080
2024/02/01 10:12:16 Server dimulai di port 8080
2024/02/01 10:12:23 Server dimulai di port 8080
2024/02/01 10:12:35 Server dimulai di port 8080
2024/02/01 10:12:46 Server dimulai di port 8080
2024/02/01 10:12:55 Server dimulai di port 8080
2024/02/01 10:14:12 Server dimulai di port 8080
2024/02/01 10:14:18 Server dimulai di port 8080
2024/02/01 10:14:47 Server dimulai di port 8080
2024/02/01 10:14:51 Server dimulai di port 8080
2024/02/01 10:14:57 Server dimulai di port 8080
2024/02/01 10:15:05 Server dimulai di port 8080
2024/02/01 10:15:14 Server dimulai di port 8080
2024/02/01 10:15:15 Server dimulai di port 8080
2024/02/01 10:15:24 Server dimulai di port 8080
2024/02/01 10:15:35 Server dimulai di port 8080
2024/02/01 10:15:46 Server dimulai di port 8080
2024/02/01 10:15:50 Server dimulai di port 8080
2024/02/01 10:15:55 Server dimulai di port 8080
2024/02/01 10:16:03 Server dimulai di port 8080
2024/02/01 10:18:02 Server dimulai di port 8080
2024/02/01 10:18:29 Server dimulai di port 8080
2024/02/01 10:18:36 Server dimulai di port 8080
2024/02/01 10:18:42 Server dimulai di port 8080
2024/02/01 10:18:46 Server dimulai di port 8080
2024/02/01 10:18:57 Server dimulai di port 8080
2024/02/01 10:19:17 Server dimulai di port 8080
2024/02/01 10:19:28 Server dimulai di port 8080
2024/02/01 10:19:42 Server dimulai di port 8080
2024/02/01 10:19:55 Server dimulai di port 8080
2024/02/01 10:20:20 Server dimulai di port 8080
2024/02/01 10:20:36 Server dimulai di port 8080
2024/02/01 10:20:44 Server dimulai di port 8080
2024/02/01 10:20:53 Server dimulai di port 8080
2024/02/01 10:21:00 Server dimulai di port 8080
2024/02/01 10:21:09 Server dimulai di port 8080
2024/02/01 10:21:15 Server dimulai di port 8080
2024/02/01 10:21:30 Server dimulai di port 8080
2024/02/01 10:21:37 Server dimulai di port 8080
2024/02/01 10:21:40 Server dimulai di port 8080
2024/02/01 10:21:47 Server dimulai di port 8080
2024/02/01 10:21:50 Server dimulai di port 8080
2024/02/01 10:21:56 Server dimulai di port 8080
2024/02/01 10:22:04 Server dimulai di port 8080
2024/02/01 10:22:14 Server dimulai di port 8080
2024/02/01 10:22:17 Server dimulai di port 8080
2024/02/01 10:22:27 Server dimulai di port 8080
2024/02/01 10:22:31 Server dimulai di port 8080
2024/02/01 10:22:38 Server dimulai di port 8080
2024/02/01 10:22:44 Server dimulai di port 8080
2024/02/01 10:22:51 Server dimulai di port 8080
2024/02/01 10:22:57 Server dimulai di port 8080
2024/02/01 10:23:04 Server dimulai di port 8080
2024/02/01 10:23:06 Server dimulai di port 8080
2024/02/01 10:23:13 Server dimulai di port 8080
2024/02/01 10:23:27 Server dimulai di port 8080
2024/02/01 10:23:32 Server dimulai di port 8080
2024/02/01 10:23:42 Server dimulai di port 8080
2024/02/01 10:23:48 Server dimulai di port 8080
2024/02/01 10:23:53 Server dimulai di port 8080
2024/02/01 10:24:04 Server dimulai di port 8080
2024/02/01 10:24:06 Server dimulai di port 8080
2024/02/01 10:24:16 Server dimulai di port 8080
2024/02/01 10:24:20 Server dimulai di port 8080
2024/02/01 10:24:31 Server dimulai di port 8080
2024/02/01 10:24:41 Server dimulai di port 8080
2024/02/01 10:24:53 Server dimulai di port 8080
2024/02/01 10:25:02 Server dimulai di port 8080
2024/02/01 10:25:11 Server dimulai di port 8080
2024/02/01 10:25:13 Server dimulai di port 8080
2024/02/01 10:25:21 Server dimulai di port 8080
2024/02/01 10:25:24 Server dimulai di port 8080
2024/02/01 10:25:40 Server dimulai di port 8080
2024/02/01 10:25:50 Server dimulai di port 8080
2024/02/01 10:25:56 Server dimulai di port 8080
2024/02/01 10:26:01 Server dimulai di port 8080
2024/02/01 10:26:07 Server dimulai di port 8080
2024/02/01 10:26:20 Server dimulai di port 8080
2024/02/01 10:26:27 Server dimulai di port 8080
2024/02/01 10:26:37 Server dimulai di port 8080
2024/02/01 10:26:45 Server dimulai di port 8080
2024/02/01 10:26:53 Server dimulai di port 8080
2024/02/01 10:26:56 Server dimulai di port 8080
2024/02/01 10:27:02 Server dimulai di port 8080
2024/02/01 10:27:07 Server dimulai di port 8080
2024/02/01 10:27:14 Server dimulai di port 8080
2024/02/01 10:27:20 Server dimulai di port 8080
2024/02/01 10:27:23 Server dimulai di port 8080
2024/02/01 10:27:32 Server dimulai di port 8080
2024/02/01 10:29:39 Server dimulai di port 8080
2024/02/01 10:29:44 Server dimulai di port 8080
2024/02/01 10:29:54 Server dimulai di port 8080
2024/02/01 10:30:03 Server dimulai di port 8080
2024/02/01 10:30:09 Server dimulai di port 8080
2024/02/01 10:30:21 Server dimulai di port 8080
2024/02/01 10:30:29 Server dimulai di port 8080
2024/02/01 10:30:33 Server dimulai di port 8080
2024/02/01 10:30:43 Server dimulai di port 8080
2024/02/01 10:30:52 Server dimulai di port 8080
2024/02/01 10:30:58 Server dimulai di port 8080
2024/02/01 10:31:04 Server dimulai di port 8080
2024/02/01 10:31:12 Server dimulai di port 8080
2024/02/01 10:31:18 Server dimulai di port 8080
2024/02/01 10:31:27 Server dimulai di port 8080
2024/02/01 10:31:35 Server dimulai di port 8080
2024/02/01 10:31:45 Server dimulai di port 8080
2024/02/01 10:31:58 Server dimulai di port 8080
2024/02/01 10:32:04 Server dimulai di port 8080
2024/02/01 10:32:11 Server dimulai di port 8080
2024/02/01 10:32:16 Server dimulai di port 8080
2024/02/01 10:32:27 Server dimulai di port 8080
2024/02/01 10:32:31 Server dimulai di port 8080
2024/02/01 10:32:57 Server dimulai di port 8080
2024/02/01 10:33:02 Server dimulai di port 8080
2024/02/01 10:33:11 Server dimulai di port 8080
2024/02/01 10:33:20 Server dimulai di port 8080
2024/02/01 10:33:22 Server dimulai di port 8080
2024/02/01 10:33:32 Server dimulai di port 8080
2024/02/01 10:33:44 Server dimulai di port 8080
2024/02/01 10:33:50 Server dimulai di port 8080
2024/02/01 10:34:01 Server dimulai di port 8080
2024/02/01 10:34:33 Server dimulai di port 8080
2024/02/01 10:34:40 Server dimulai di port 8080
2024/02/01 10:34:55 Server dimulai di port 8080
2024/02/01 10:35:04 Server dimulai di port 8080
2024/02/01 10:35:15 Server dimulai di port 8080
2024/02/01 10:35:23 Server dimulai di port 8080
2024/02/01 10:35:31 Server dimulai di port 8080
2024/02/01 10:35:36 Server dimulai di port 8080
2024/02/01 10:35:41 Server dimulai di port 8080
2024/02/01 10:35:53 Server dimulai di port 8080
2024/02/01 10:36:00 Server dimulai di port 8080
2024/02/01 10:36:12 Server dimulai di port 8080
2024/02/01 10:36:22 Server dimulai di port 8080
2024/02/01 10:36:29 Server dimulai di port 8080
2024/02/01 10:36:35 Server dimulai di port 8080
2024/02/01 10:36:42 Server dimulai di port 8080
2024/02/01 10:36:47 Server dimulai di port 8080
2024/02/01 10:36:57 Server dimulai di port 8080
2024/02/01 10:37:08 Server dimulai di port 8080
2024/02/01 10:37:21 Server dimulai di port 8080
2024/02/01 10:37:26 Server dimulai di port 8080
2024/02/01 10:37:32 Server dimulai di port 8080
2024/02/01 10:37:42 Server dimulai di port 8080
2024/02/01 10:37:48 Server dimulai di port 8080
2024/02/01 10:37:55 Server dimulai di port 8080
2024/02/01 10:37:58 Server dimulai di port 8080
2024/02/01 10:38:09 Server dimulai di port 8080
2024/02/01 10:38:18 Server dimulai di port 8080
2024/02/01 10:38:25 Server dimulai di port 8080
2024/02/01 10:38:31 Server dimulai di port 8080
2024/02/01 10:40:43 Server dimulai di port 8080
2024/02/01 10:40:45 Server dimulai di port 8080
2024/02/01 10:40:52 Server dimulai di port 8080
2024/02/01 10:40:59 Server dimulai di port 8080
2024/02/01 10:41:04 Server dimulai di port 8080
2024/02/01 10:41:09 Server dimulai di port 8080
2024/02/01 10:41:11 Server dimulai di port 8080
2024/02/01 10:41:13 Server dimulai di port 8080
2024/02/01 10:41:47 Server dimulai di port 8080
2024/02/01 10:41:51 Server dimulai di port 8080
2024/02/01 10:41:58 Server dimulai di port 8080
2024/02/01 10:42:07 Server dimulai di port 8080
2024/02/01 10:42:12 Server dimulai di port 8080
2024/02/01 10:42:17 Server dimulai di port 8080
2024/02/01 10:42:22 Server dimulai di port 8080
2024/02/01 10:42:33 Server dimulai di port 8080
2024/02/01 10:42:38 Server dimulai di port 8080
2024/02/01 10:42:49 Server dimulai di port 8080
2024/02/01 10:43:00 Server dimulai di port 8080
2024/02/01 10:43:05 Server dimulai di port 8080
2024/02/01 10:54:23 Server dimulai di port 8080
2024/02/01 10:54:48 Bad request Kata sandi tidak boleh kurang dari 6 karakter
2024/02/01 10:55:15 Terjadi kesalahan server. Silakan coba kembali Error Hashing Password!
2024/02/01 10:55:30 User daffa3211 registered successfully!
